// Jest Snapshot v1, https://goo.gl/fbAQLP

exports[`Cell renders button for filled with x cell 1`] = `
.emotion-0 {
  display: inline-block;
  border: 1px solid gray;
  box-sizing: border-box;
  vertical-align: middle;
  background: white;
  width: 5px;
  height: 5px;
  border-color: hsla(210,10.8%,14.5%,0.12);
  background: white;
}

.emotion-0:hover {
  border-width: 3px;
}

<div
  className="emotion-0 emotion-1"
  height={5}
  onClick={[Function]}
  width={5}
/>
`;
