// Jest Snapshot v1, https://goo.gl/fbAQLP

exports[`SizeForm renders SizeForm 1`] = `
.emotion-6 {
  width: 100%;
  max-width: 1200px;
  box-sizing: border-box;
  margin: 0 auto;
  padding: 0 1rem;
  background: white;
}

@media (min-width:992px) {
  .emotion-6 {
    padding: 0 1.5rem;
  }
}

.emotion-2 {
  margin-top: 1rem;
  -webkit-flex-direction: column;
  -ms-flex-direction: column;
  flex-direction: column;
  display: -webkit-box;
  display: -webkit-flex;
  display: -ms-flexbox;
  display: flex;
}

.emotion-2:first-child {
  margin-top: 0;
}

.emotion-1 {
  display: inline-block;
  margin-bottom: 0.5rem;
}

.emotion-0 {
  box-sizing: border-box;
  margin: 0;
  font-weight: 400;
  line-height: 1.5;
  font-family: -apple-system,BlinkMacSystemFont,"Segoe UI",Roboto,"Helvetica Neue",Arial,"Noto Sans",sans-serif,"Apple Color Emoji","Segoe UI Emoji","Segoe UI Symbol","Noto Color Emoji";
  font-size: 1rem;
  color: #212529;
  -webkit-font-smoothing: antialiased;
  -webkit-text-size-adjust: none;
  font-size: 0.875rem;
  font-weight: 400;
  color: #5F6871;
  line-height: 1.5;
}

<div
  className="emotion-6"
>
  <form
    style={
      Object {
        "padding": "1.5rem",
      }
    }
  >
    <div
      className="emotion-2"
    >
      <label
        className="Label emotion-1"
        htmlFor=""
      >
        <div
          className="Label__text emotion-0"
        >
          Field width
        </div>
      </label>
      <input
        max={10}
        min={3}
        name="width"
        onChange={[Function]}
        step="1"
        type="range"
        value={3}
      />
    </div>
    <div
      className="emotion-2"
    >
      <label
        className="Label emotion-1"
        htmlFor=""
      >
        <div
          className="Label__text emotion-0"
        >
          Field height
        </div>
      </label>
      <input
        max={10}
        min={3}
        name="height"
        onChange={[Function]}
        step="1"
        type="range"
        value={3}
      />
    </div>
  </form>
</div>
`;
