// Jest Snapshot v1, https://goo.gl/fbAQLP

exports[`EnterForm renders EnterForm 1`] = `
.emotion-8 {
  position: relative;
  background: white;
  box-shadow: 0 1px 10px 0 hsla(210,10.3%,22.7%,0.15), 0 6px 12px 0 hsla(210,10.3%,22.7%,0.1), 0 6px 15px -2px hsla(210,10.3%,22.7%,0.12);
  border-radius: 1rem;
  text-align: center;
}

.emotion-1 {
  min-height: 56px;
  display: -webkit-box;
  display: -webkit-flex;
  display: -ms-flexbox;
  display: flex;
  position: relative;
  -webkit-align-items: center;
  -webkit-box-align: center;
  -ms-flex-align: center;
  align-items: center;
  padding-left: 1rem;
  padding-right: 1rem;
  -webkit-box-pack: center;
  -webkit-justify-content: center;
  -ms-flex-pack: center;
  justify-content: center;
  border-bottom: 1px solid hsla(210,10.8%,14.5%,0.12);
  padding: 1rem;
}

@media (min-width:768px) {
  .emotion-1 {
    min-height: 64px;
    padding-left: 1.5rem;
    padding-right: 1.5rem;
  }
}

.emotion-0 {
  box-sizing: border-box;
  margin: 0;
  font-weight: 400;
  line-height: 1.5;
  font-family: -apple-system,BlinkMacSystemFont,"Segoe UI",Roboto,"Helvetica Neue",Arial,"Noto Sans",sans-serif,"Apple Color Emoji","Segoe UI Emoji","Segoe UI Symbol","Noto Color Emoji";
  font-size: 1rem;
  color: #212529;
  -webkit-font-smoothing: antialiased;
  -webkit-text-size-adjust: none;
  color: #212529;
  font-weight: 500;
  font-size: 1.5rem;
  line-height: 1.2;
  margin-bottom: 0.5rem;
  -webkit-letter-spacing: -0.2px;
  -moz-letter-spacing: -0.2px;
  -ms-letter-spacing: -0.2px;
  letter-spacing: -0.2px;
  margin-bottom: 0;
}

.emotion-5 {
  margin-top: 1rem;
}

.emotion-5:first-child {
  margin-top: 0;
}

.emotion-3 {
  display: inline-block;
  margin-bottom: 0;
}

.emotion-2 {
  box-sizing: border-box;
  margin: 0;
  font-weight: 400;
  line-height: 1.5;
  font-family: -apple-system,BlinkMacSystemFont,"Segoe UI",Roboto,"Helvetica Neue",Arial,"Noto Sans",sans-serif,"Apple Color Emoji","Segoe UI Emoji","Segoe UI Symbol","Noto Color Emoji";
  font-size: 1rem;
  color: #212529;
  -webkit-font-smoothing: antialiased;
  -webkit-text-size-adjust: none;
  font-size: 0.875rem;
  font-weight: 400;
  color: #5F6871;
  line-height: 1.5;
}

.emotion-4 {
  display: block;
  width: 100%;
  line-height: 1.5;
  color: #212529;
  background-color: transparent;
  background-image: none;
  background-clip: padding-box;
  -webkit-font-smoothing: antialiased;
  -webkit-tap-highlight-color: transparent;
  -webkit-appearance: none;
  box-sizing: border-box;
  touch-action: manipulation;
  font-family: -apple-system,BlinkMacSystemFont,"Segoe UI",Roboto,"Helvetica Neue",Arial,"Noto Sans",sans-serif,"Apple Color Emoji","Segoe UI Emoji","Segoe UI Symbol","Noto Color Emoji";
  border: none;
  box-shadow: 0 0 0 2px transparent inset,0 0 0 1px hsla(210,10.8%,14.5%,0.2) inset;
  border-radius: 0.25rem;
  -webkit-transition: background 0.25s cubic-bezier(0.35,0,0.25,1),border-color 0.15s cubic-bezier(0.35,0,0.25,1),box-shadow 0.15s cubic-bezier(0.35,0,0.25,1);
  transition: background 0.25s cubic-bezier(0.35,0,0.25,1),border-color 0.15s cubic-bezier(0.35,0,0.25,1),box-shadow 0.15s cubic-bezier(0.35,0,0.25,1);
  font-size: 1.25rem;
  padding: 0.65rem 1rem;
  height: 48px;
}

.emotion-4::-webkit-input-placeholder {
  color: hsla(210,10.8%,14.5%,0.45);
}

.emotion-4::-moz-placeholder {
  color: hsla(210,10.8%,14.5%,0.45);
}

.emotion-4:-ms-input-placeholder {
  color: hsla(210,10.8%,14.5%,0.45);
}

.emotion-4::placeholder {
  color: hsla(210,10.8%,14.5%,0.45);
}

.emotion-4:focus {
  box-shadow: 0 0 0 3px hsla(209,75.4%,38.2%,0.1),inset 0 0 0 1px hsla(210,10.8%,14.5%,0.2),inset 0 -1px 1px 0 hsla(210,10.8%,14.5%,0.05);
  outline: none;
}

.emotion-4:disabled {
  opacity: 0.8;
  background: #f1f3f5;
  cursor: not-allowed;
  box-shadow: 0 0 0 2px transparent inset,0 0 0 1px hsla(210,10.8%,14.5%,0.12) inset;
}

.emotion-4:active {
  background: #f1f3f5;
}

.emotion-7 {
  -webkit-text-decoration: none;
  text-decoration: none;
  background: none;
  white-space: nowrap;
  -webkit-appearance: none;
  box-sizing: border-box;
  text-align: center;
  -webkit-font-smoothing: antialiased;
  border: none;
  text-rendering: optimizeLegibility;
  -webkit-user-select: none;
  -moz-user-select: none;
  -ms-user-select: none;
  user-select: none;
  -webkit-tap-highlight-color: transparent;
  cursor: pointer;
  box-shadow: none;
  font-weight: 500;
  position: relative;
  font-family: -apple-system,BlinkMacSystemFont,"Segoe UI",Roboto,"Helvetica Neue",Arial,"Noto Sans",sans-serif,"Apple Color Emoji","Segoe UI Emoji","Segoe UI Symbol","Noto Color Emoji";
  border-radius: 0.25rem;
  font-size: 1.25rem;
  padding: 0 1.5rem;
  height: 48px;
  display: -webkit-inline-box;
  display: -webkit-inline-flex;
  display: -ms-inline-flexbox;
  display: inline-flex;
  -webkit-align-items: center;
  -webkit-box-align: center;
  -ms-flex-align: center;
  align-items: center;
  -webkit-box-pack: center;
  -webkit-justify-content: center;
  -ms-flex-pack: center;
  justify-content: center;
  background-color: #1971c2;
  color: white;
  background-image: linear-gradient(to top,#1971c2,hsl(208.79999999999995,77.2%,60.1%));
  box-shadow: inset 0 0 0 1px hsla(210,10.8%,14.5%,0.2),inset 0 -1px 1px 0 hsla(210,10.8%,14.5%,0.2);
}

.emotion-7:focus {
  outline: 3px auto hsla(208.79999999999995,77.2%,42.9%,0.8);
}

.emotion-7:focus:not([data-focus-visible-added]) {
  outline: none;
}

.emotion-7[aria-expanded="true"] {
  box-shadow: inset 0 0 0 1px hsla(210,10.8%,14.5%,0.5),inset 0 -1px 1px 0 hsla(210,10.8%,14.5%,0.5);
  background-image: linear-gradient(to top,#1864ab,#1971c2);
}

.emotion-6 {
  -webkit-flex: 1;
  -ms-flex: 1;
  flex: 1;
  margin-right: 0;
  margin-left: 0;
}

<div
  className="emotion-8"
>
  <div
    className="emotion-1"
  >
    <h4
      className="emotion-0"
    >
      Sign in to Life Game
    </h4>
  </div>
  <form
    onSubmit={[Function]}
    style={
      Object {
        "padding": "1.5rem",
      }
    }
  >
    <div
      className="InputGroup emotion-5"
    >
      <div
        style={
          Object {
            "border": 0,
            "clip": "rect(0 0 0 0)",
            "height": "1px",
            "margin": "-1px",
            "overflow": "hidden",
            "padding": 0,
            "position": "absolute",
            "width": "1px",
          }
        }
      >
        <label
          className="Label emotion-3"
          htmlFor=""
        >
          <div
            className="Label__text emotion-2"
          >
            Name
          </div>
        </label>
      </div>
      <input
        className="Input emotion-4"
        id=""
        onChange={[Function]}
        onTouchEnd={[Function]}
        onTouchStart={[Function]}
        placeholder="Name"
        type="text"
        value=""
      />
    </div>
    <button
      className="Button Touchable emotion-7"
      onKeyDown={[Function]}
      onKeyUp={[Function]}
      onMouseDown={[Function]}
      onMouseDownCapture={[Function]}
      onMouseEnter={[Function]}
      onMouseLeave={[Function]}
      onTouchEnd={[Function]}
      onTouchMove={[Function]}
      onTouchMoveCapture={[Function]}
      onTouchStart={[Function]}
      onTouchStartCapture={[Function]}
      role="button"
      style={
        Object {
          "marginTop": "1.5rem",
        }
      }
      tabIndex={0}
      type="submit"
    >
      <span
        aria-hidden={false}
        className="emotion-6"
      >
        Sign in
      </span>
    </button>
  </form>
</div>
`;
