// Jest Snapshot v1, https://goo.gl/fbAQLP

exports[`GameField renders cells for passed empty GameField 1`] = `
.emotion-0 {
  box-sizing: border-box;
  border: 3px solid gray;
  padding: 3px;
  display: inline-block;
}

.emotion-0 canvas {
  display: block;
}

<Field>
  <FieldWrapper>
    <div
      className="emotion-0 emotion-1"
    >
      <canvas />
    </div>
  </FieldWrapper>
</Field>
`;
