// Jest Snapshot v1, https://goo.gl/fbAQLP

exports[`Cell renders button for empty cell 1`] = `
<div
  className="css-1as9ajb"
  onClick={[Function]}
/>
`;

exports[`Cell renders button for filled with x cell 1`] = `
<div
  className="css-1as9ajb"
  onClick={[Function]}
/>
`;
